--------------------------------------------------------------------------------------
Timing Analyzer Summary
--------------------------------------------------------------------------------------

Type           : Worst-case tsu
Slack          : N/A
Required Time  : None
Actual Time    : 2.983 ns
From           : POP
To             : SP:inst7|lpm_counter:lpm_counter_component|cntr_vbh:auto_generated|safe_q[2]
From Clock     : --
To Clock       : PUSH
Failed Paths   : 0

Type           : Worst-case tco
Slack          : N/A
Required Time  : None
Actual Time    : 13.476 ns
From           : Stack_register:inst|lpm_ff:lpm_ff_component|dffs[8]
To             : outdata[8]
From Clock     : POP
To Clock       : --
Failed Paths   : 0

Type           : Worst-case tpd
Slack          : N/A
Required Time  : None
Actual Time    : 7.757 ns
From           : POP
To             : outdata[5]
From Clock     : --
To Clock       : --
Failed Paths   : 0

Type           : Worst-case th
Slack          : N/A
Required Time  : None
Actual Time    : 2.472 ns
From           : indata[5]
To             : Stack_register:inst6|lpm_ff:lpm_ff_component|dffs[5]
From Clock     : --
To Clock       : POP
Failed Paths   : 0

Type           : Clock Setup: 'PUSH'
Slack          : N/A
Required Time  : None
Actual Time    : Restricted to 500.00 MHz ( period = 2.000 ns )
From           : SP:inst7|lpm_counter:lpm_counter_component|cntr_vbh:auto_generated|safe_q[0]
To             : SP:inst7|lpm_counter:lpm_counter_component|cntr_vbh:auto_generated|safe_q[2]
From Clock     : PUSH
To Clock       : PUSH
Failed Paths   : 0

Type           : Clock Setup: 'POP'
Slack          : N/A
Required Time  : None
Actual Time    : Restricted to 500.00 MHz ( period = 2.000 ns )
From           : SP:inst7|lpm_counter:lpm_counter_component|cntr_vbh:auto_generated|safe_q[0]
To             : SP:inst7|lpm_counter:lpm_counter_component|cntr_vbh:auto_generated|safe_q[2]
From Clock     : POP
To Clock       : POP
Failed Paths   : 0

Type           : Total number of failed paths
Slack          : 
Required Time  : 
Actual Time    : 
From           : 
To             : 
From Clock     : 
To Clock       : 
Failed Paths   : 0

--------------------------------------------------------------------------------------

